cell 1 ecom PRED_SHARED s=1% reuse=1 A=2.906532 B=0.029892 C=0.029892
cell 2 ecom PRED_SHARED s=1% reuse=10 A=0.550106 B=0.027316 C=0.006263
cell 3 ecom PRED_SHARED s=1% reuse=50 A=0.110821 B=0.027434 C=0.002057
cell 4 ecom PRED_SHARED s=1% reuse=100 A=0.055911 B=0.031940 C=0.001619
cell 5 ecom PRED_SHARED s=5% reuse=1 A=2.906532 B=0.160002 C=0.160002
cell 6 ecom PRED_SHARED s=5% reuse=10 A=0.550106 B=0.143356 C=0.029471
cell 7 ecom PRED_SHARED s=5% reuse=50 A=0.110821 B=0.143466 C=0.006699
cell 8 ecom PRED_SHARED s=5% reuse=100 A=0.055911 B=0.143348 C=0.003847
cell 9 ecom PRED_SHARED s=10% reuse=1 A=2.906532 B=0.292524 C=0.292524
cell 10 ecom PRED_SHARED s=10% reuse=10 A=0.550106 B=0.277966 C=0.056393
cell 11 ecom PRED_SHARED s=10% reuse=50 A=0.110821 B=0.262060 C=0.011442
cell 12 ecom PRED_SHARED s=10% reuse=100 A=0.055911 B=0.269756 C=0.006375
cell 13 ecom PRED_SHARED s=25% reuse=1 A=2.906532 B=0.748924 C=0.748924
cell 14 ecom PRED_SHARED s=25% reuse=10 A=0.550106 B=0.693422 C=0.139484
cell 15 ecom PRED_SHARED s=25% reuse=50 A=0.110821 B=0.687956 C=0.028478
cell 16 ecom PRED_SHARED s=25% reuse=100 A=0.055911 B=0.688586 C=0.014752
cell 17 ecom PRED_SHARED s=50% reuse=1 A=2.906532 B=1.437804 C=1.437804
cell 18 ecom PRED_SHARED s=50% reuse=10 A=0.550106 B=1.380436 C=0.276887
cell 19 ecom PRED_SHARED s=50% reuse=50 A=0.110821 B=1.364962 C=0.055558
cell 20 ecom PRED_SHARED s=50% reuse=100 A=0.055911 B=1.386130 C=0.028703
cell 21 ecom PRED_SHARED s=75% reuse=1 A=2.906532 B=2.169800 C=2.169800
cell 22 ecom PRED_SHARED s=75% reuse=10 A=0.550106 B=2.052814 C=0.411363
cell 23 ecom PRED_SHARED s=75% reuse=50 A=0.110821 B=2.073826 C=0.083913
cell 24 ecom PRED_SHARED s=75% reuse=100 A=0.055911 B=2.055810 C=0.042096
cell 25 ecom PRED_SHARED s=100% reuse=1 A=2.906532 B=2.906532 C=2.906532
cell 26 ecom PRED_SHARED s=100% reuse=10 A=0.550106 B=2.746532 C=0.550106
cell 27 ecom PRED_SHARED s=100% reuse=50 A=0.110821 B=2.746532 C=0.110821
cell 28 ecom PRED_SHARED s=100% reuse=100 A=0.055911 B=2.746532 C=0.055911
cell 29 ecom PRED_DISTINCT s=1% reuse=1 A=2.906532 B=0.029934 C=0.029934
cell 30 ecom PRED_DISTINCT s=1% reuse=10 A=0.550106 B=0.029084 C=0.028388
cell 31 ecom PRED_DISTINCT s=1% reuse=50 A=0.110821 B=0.028831 C=0.025653
cell 32 ecom PRED_DISTINCT s=1% reuse=100 A=0.055911 B=0.028915 C=0.022866
cell 33 ecom PRED_DISTINCT s=5% reuse=1 A=2.906532 B=0.148606 C=0.148606
cell 34 ecom PRED_DISTINCT s=5% reuse=10 A=0.550106 B=0.140096 C=0.126778
cell 35 ecom PRED_DISTINCT s=5% reuse=50 A=0.110821 B=0.139465 C=0.080592
cell 36 ecom PRED_DISTINCT s=5% reuse=100 A=0.055911 B=0.138685 C=0.051858
cell 37 ecom PRED_DISTINCT s=10% reuse=1 A=2.906532 B=0.281848 C=0.281848
cell 38 ecom PRED_DISTINCT s=10% reuse=10 A=0.550106 B=0.272160 C=0.223775
cell 39 ecom PRED_DISTINCT s=10% reuse=50 A=0.110821 B=0.273381 C=0.102563
cell 40 ecom PRED_DISTINCT s=10% reuse=100 A=0.055911 B=0.276061 C=0.055616
cell 41 ecom PRED_DISTINCT s=25% reuse=1 A=2.906532 B=0.700812 C=0.700812
cell 42 ecom PRED_DISTINCT s=25% reuse=10 A=0.550106 B=0.680377 C=0.414556
cell 43 ecom PRED_DISTINCT s=25% reuse=50 A=0.110821 B=0.687845 C=0.110759
cell 44 ecom PRED_DISTINCT s=25% reuse=100 A=0.055911 B=0.689112 C=0.055911
cell 45 ecom PRED_DISTINCT s=50% reuse=1 A=2.906532 B=1.467460 C=1.467460
cell 46 ecom PRED_DISTINCT s=50% reuse=10 A=0.550106 B=1.372752 C=0.531792
cell 47 ecom PRED_DISTINCT s=50% reuse=50 A=0.110821 B=1.372828 C=0.110821
cell 48 ecom PRED_DISTINCT s=50% reuse=100 A=0.055911 B=1.373481 C=0.055911
cell 49 ecom PRED_DISTINCT s=75% reuse=1 A=2.906532 B=2.166936 C=2.166936
cell 50 ecom PRED_DISTINCT s=75% reuse=10 A=0.550106 B=2.062619 C=0.549623
cell 51 ecom PRED_DISTINCT s=75% reuse=50 A=0.110821 B=2.062515 C=0.110821
cell 52 ecom PRED_DISTINCT s=75% reuse=100 A=0.055911 B=2.060616 C=0.055911
cell 53 ecom PRED_DISTINCT s=100% reuse=1 A=2.906532 B=2.906532 C=2.906532
cell 54 ecom PRED_DISTINCT s=100% reuse=10 A=0.550106 B=2.746532 C=0.550106
cell 55 ecom PRED_DISTINCT s=100% reuse=50 A=0.110821 B=2.746532 C=0.110821
cell 56 ecom PRED_DISTINCT s=100% reuse=100 A=0.055911 B=2.746532 C=0.055911
cell 57 finproc PRED_SHARED s=1% reuse=1 A=2.323160 B=0.022638 C=0.022638
cell 58 finproc PRED_SHARED s=1% reuse=10 A=0.489432 B=0.024738 C=0.005748
cell 59 finproc PRED_SHARED s=1% reuse=50 A=0.098686 B=0.028390 C=0.002096
cell 60 finproc PRED_SHARED s=1% reuse=100 A=0.049843 B=0.024566 C=0.001471
cell 61 finproc PRED_SHARED s=5% reuse=1 A=2.323160 B=0.111362 C=0.111362
cell 62 finproc PRED_SHARED s=5% reuse=10 A=0.489432 B=0.117592 C=0.024318
cell 63 finproc PRED_SHARED s=5% reuse=50 A=0.098686 B=0.123732 C=0.005909
cell 64 finproc PRED_SHARED s=5% reuse=100 A=0.049843 B=0.118602 C=0.003352
cell 65 finproc PRED_SHARED s=10% reuse=1 A=2.323160 B=0.247396 C=0.247396
cell 66 finproc PRED_SHARED s=10% reuse=10 A=0.489432 B=0.250280 C=0.050856
cell 67 finproc PRED_SHARED s=10% reuse=50 A=0.098686 B=0.228186 C=0.010087
cell 68 finproc PRED_SHARED s=10% reuse=100 A=0.049843 B=0.245002 C=0.005880
cell 69 finproc PRED_SHARED s=25% reuse=1 A=2.323160 B=0.582294 C=0.582294
cell 70 finproc PRED_SHARED s=25% reuse=10 A=0.489432 B=0.612434 C=0.123287
cell 71 finproc PRED_SHARED s=25% reuse=50 A=0.098686 B=0.624292 C=0.025932
cell 72 finproc PRED_SHARED s=25% reuse=100 A=0.049843 B=0.618650 C=0.013353
cell 73 finproc PRED_SHARED s=50% reuse=1 A=2.323160 B=1.157692 C=1.157692
cell 74 finproc PRED_SHARED s=50% reuse=10 A=0.489432 B=1.252256 C=0.251251
cell 75 finproc PRED_SHARED s=50% reuse=50 A=0.098686 B=1.213652 C=0.049506
cell 76 finproc PRED_SHARED s=50% reuse=100 A=0.049843 B=1.217902 C=0.025338
cell 77 finproc PRED_SHARED s=75% reuse=1 A=2.323160 B=1.750432 C=1.750432
cell 78 finproc PRED_SHARED s=75% reuse=10 A=0.489432 B=1.826272 C=0.366054
cell 79 finproc PRED_SHARED s=75% reuse=50 A=0.098686 B=1.828672 C=0.074107
cell 80 finproc PRED_SHARED s=75% reuse=100 A=0.049843 B=1.839014 C=0.037760
cell 81 finproc PRED_SHARED s=100% reuse=1 A=2.323160 B=2.323160 C=2.323160
cell 82 finproc PRED_SHARED s=100% reuse=10 A=0.489432 B=2.443160 C=0.489432
cell 83 finproc PRED_SHARED s=100% reuse=50 A=0.098686 B=2.443160 C=0.098686
cell 84 finproc PRED_SHARED s=100% reuse=100 A=0.049843 B=2.443160 C=0.049843
cell 85 finproc PRED_DISTINCT s=1% reuse=1 A=2.323160 B=0.021656 C=0.021656
cell 86 finproc PRED_DISTINCT s=1% reuse=10 A=0.489432 B=0.025465 C=0.024902
cell 87 finproc PRED_DISTINCT s=1% reuse=50 A=0.098686 B=0.025557 C=0.022961
cell 88 finproc PRED_DISTINCT s=1% reuse=100 A=0.049843 B=0.025608 C=0.020599
cell 89 finproc PRED_DISTINCT s=5% reuse=1 A=2.323160 B=0.114700 C=0.114700
cell 90 finproc PRED_DISTINCT s=5% reuse=10 A=0.489432 B=0.122621 C=0.110905
cell 91 finproc PRED_DISTINCT s=5% reuse=50 A=0.098686 B=0.122956 C=0.071687
cell 92 finproc PRED_DISTINCT s=5% reuse=100 A=0.049843 B=0.123119 C=0.045948
cell 93 finproc PRED_DISTINCT s=10% reuse=1 A=2.323160 B=0.232068 C=0.232068
cell 94 finproc PRED_DISTINCT s=10% reuse=10 A=0.489432 B=0.248619 C=0.202796
cell 95 finproc PRED_DISTINCT s=10% reuse=50 A=0.098686 B=0.244593 C=0.091730
cell 96 finproc PRED_DISTINCT s=10% reuse=100 A=0.049843 B=0.244040 C=0.049551
cell 97 finproc PRED_DISTINCT s=25% reuse=1 A=2.323160 B=0.586424 C=0.586424
cell 98 finproc PRED_DISTINCT s=25% reuse=10 A=0.489432 B=0.608172 C=0.372769
cell 99 finproc PRED_DISTINCT s=25% reuse=50 A=0.098686 B=0.610082 C=0.098585
cell 100 finproc PRED_DISTINCT s=25% reuse=100 A=0.049843 B=0.610693 C=0.049843
cell 101 finproc PRED_DISTINCT s=50% reuse=1 A=2.323160 B=1.167258 C=1.167258
cell 102 finproc PRED_DISTINCT s=50% reuse=10 A=0.489432 B=1.223270 C=0.474154
cell 103 finproc PRED_DISTINCT s=50% reuse=50 A=0.098686 B=1.223247 C=0.098686
cell 104 finproc PRED_DISTINCT s=50% reuse=100 A=0.049843 B=1.221341 C=0.049843
cell 105 finproc PRED_DISTINCT s=75% reuse=1 A=2.323160 B=1.765968 C=1.765968
cell 106 finproc PRED_DISTINCT s=75% reuse=10 A=0.489432 B=1.825331 C=0.488994
cell 107 finproc PRED_DISTINCT s=75% reuse=50 A=0.098686 B=1.832061 C=0.098686
cell 108 finproc PRED_DISTINCT s=75% reuse=100 A=0.049843 B=1.832549 C=0.049843
cell 109 finproc PRED_DISTINCT s=100% reuse=1 A=2.323160 B=2.323160 C=2.323160
cell 110 finproc PRED_DISTINCT s=100% reuse=10 A=0.489432 B=2.443160 C=0.489432
cell 111 finproc PRED_DISTINCT s=100% reuse=50 A=0.098686 B=2.443160 C=0.098686
cell 112 finproc PRED_DISTINCT s=100% reuse=100 A=0.049843 B=2.443160 C=0.049843
{
 "PRED_SHARED": {
  "C_over_A_min": 0.0097,
  "C_over_A_mean": 0.3852,
  "C_over_A_max": 1.0,
  "C_over_B_min": 0.0204,
  "C_over_B_mean": 0.32,
  "C_over_B_max": 1.0,
  "coverage_min": 0.0093,
  "coverage_max": 1.0,
  "C_dominates_B": true,
  "C_dominates_A": true
 },
 "PRED_DISTINCT": {
  "C_over_A_min": 0.0093,
  "C_over_A_mean": 0.689,
  "C_over_A_max": 1.0,
  "C_over_B_min": 0.0204,
  "C_over_B_mean": 0.532,
  "C_over_B_max": 1.0,
  "coverage_min": 0.0089,
  "coverage_max": 1.0,
  "C_dominates_B": true,
  "C_dominates_A": true
 }
}
exp1 done -> exp1_matrix.json / exp1_heatmap.csv
