[e1] 100/1512 cells 31s
[e1] 200/1512 cells 86s
[e1] 300/1512 cells 117s
[e1] 400/1512 cells 180s
[e1] 500/1512 cells 270s
[e1] 600/1512 cells 401s
[e1] 700/1512 cells 596s
[e1] 800/1512 cells 802s
[e1] 900/1512 cells 802s
[e1] 1000/1512 cells 818s
[e1] 1100/1512 cells 869s
[e1] 1200/1512 cells 970s
[e1] 1300/1512 cells 1139s
[e1] 1400/1512 cells 1318s
[e1] 1500/1512 cells 1510s
[e1] 1512/1512 cells 1534s
{
 "n_cells": 1512,
 "by_scope": {
  "WORKLOAD": [
   0.63652,
   0.00795,
   1.0
  ],
  "CAP_10PCT": [
   13.44588,
   0.00795,
   99.91665
  ],
  "CELL": [
   13.76259,
   0.00795,
   99.91665
  ]
 },
 "model_r2": 0.86,
 "structural_acc": 0.8829,
 "ks_acc": 0.6323,
 "traces": 11592,
 "runtime": 1537.3
}
